.venv\Scripts\python : 
C:\Users\Mamadou Bassirou 
Dia\OneDrive\Documents\Projet 
EduQuiz AI\scripts\test_google_
key.py:42: FutureWarning: 
Au caractère Ligne:1 : 1
+ .venv\Scripts\python 
scripts/test_google_key.py > 
test_log.txt 2>&1
+ ~~~~~~~~~~~~~~~~~~~~~~~~~~~~~
~~~~~~~~~~~~~~~~~~~~~~~~~~~~~~~
~~~~~~~
    + CategoryInfo          :  
   NotSpecified: (C:\Users\Ma  
  mado...FutureWarning: :Str   
 ing) [], RemoteException
    + FullyQualifiedErrorId :  
   NativeCommandError
 

All support for the 
`google.generativeai` package 
has ended. It will no longer 
be receiving 
updates or bug fixes. Please 
switch to the `google.genai` 
package as soon as possible.
See README for more details:

https://github.com/google-gemin
i/deprecated-generative-ai-pyth
on/blob/main/README.md

  import google.generativeai 
as genai
======================================================================
🔍 DIAGNOSTIC DE LA CLÉ API GOOGLE GEMINI
======================================================================

✅ Clé API trouvée : AIzaSyDvmC...olV8

🔌 Test de connexion à Google Gemini...

❌ Erreur lors de la connexion : 404 models/gemini-1.5-flash is not found for API version v1beta, or is not supported for generateContent. Call ListModels to see the list of available models and their supported methods.

💡 Vérifiez votre connexion internet ou la configuration de Google AI Studio.

======================================================================
